---
source: coreclient/src/clients/persistence.rs
expression: "&record"
---
{
  "user_id": {
    "uuid": "00000000-0000-0000-0000-000000000001",
    "domain": {
      "domain": {
        "Domain": "localhost"
      }
    }
  },
  "client_record_state": "Finished",
  "created_at": "2025-01-01T00:00:00Z",
  "is_default": false,
  "encrypted_dek": {
    "ciphertext": [
      1,
      1,
      1,
      1,
      1,
      1,
      1,
      1,
      1,
      1,
      1,
      1,
      1,
      1,
      1,
      1,
      1,
      1,
      1,
      1,
      1,
      1,
      1,
      1,
      1,
      1,
      1,
      1,
      1,
      1,
      1,
      1
    ],
    "nonce": [
      1,
      1,
      1,
      1,
      1,
      1,
      1,
      1,
      1,
      1,
      1,
      1
    ]
  }
}
