---
source: coreclient/src/clients/persistence.rs
expression: "&*USER_CREATION_STATE_BASIC"
---
{
  "BasicUserData": {
    "as_client_id": {
      "client_id": "00000000-0000-0000-0000-000000000001",
      "domain": {
        "domain": {
          "Domain": "localhost"
        }
      }
    },
    "server_url": "localhost",
    "push_token": {
      "operator": "Google",
      "token": "token"
    }
  }
}
