---
source: coreclient/src/chats/messages/persistence.rs
expression: "&*VERSIONED_MESSAGE"
---
{
  "version": 1,
  "content": [
    1,
    135,
    80,
    0,
    0,
    0,
    0,
    0,
    0,
    0,
    0,
    0,
    0,
    0,
    0,
    0,
    0,
    0,
    0,
    246,
    64,
    246,
    246,
    160,
    133,
    1,
    96,
    1,
    109,
    116,
    101,
    120,
    116,
    47,
    109,
    97,
    114,
    107,
    100,
    111,
    119,
    110,
    76,
    72,
    101,
    108,
    108,
    111,
    32,
    119,
    111,
    114,
    108,
    100,
    33
  ]
}
