---
source: coreclient/src/groups/diff.rs
expression: "&*STAGED_GROUP_DIFF"
---
{
  "leaf_signer": {
    "signing_key": {
      "signing_key": [
        1,
        2,
        3
      ],
      "verifying_key": [
        4,
        5,
        6
      ]
    },
    "credential": {
      "tbs": {
        "identity": [
          7,
          8,
          9
        ],
        "expiration_data": {
          "not_before": 0,
          "not_after": 1
        },
        "signature_scheme": "ED25519",
        "verifying_key": {
          "value": {
            "vec": [
              10,
              11,
              12
            ]
          }
        }
      },
      "identity_link_ctxt": {
        "encrypted_signature": {
          "ciphertext": {
            "ciphertext": [
              13,
              14,
              15
            ],
            "nonce": [
              110,
              111,
              110,
              99,
              101,
              95,
              49,
              95,
              95,
              95,
              95,
              95
            ]
          }
        },
        "encrypted_client_credential": {
          "encrypted_client_credential": {
            "ciphertext": [
              16,
              17,
              18
            ],
            "nonce": [
              110,
              111,
              110,
              99,
              101,
              95,
              50,
              95,
              95,
              95,
              95,
              95
            ]
          }
        }
      }
    }
  },
  "identity_link_key": {
    "key": {
      "secret": [
        105,
        100,
        101,
        110,
        116,
        105,
        116,
        121,
        95,
        108,
        105,
        110,
        107,
        95,
        107,
        101,
        121,
        95,
        51,
        50,
        95,
        98,
        121,
        116,
        101,
        115,
        95,
        95,
        95,
        95,
        95,
        95
      ]
    }
  },
  "group_state_ear_key": {
    "key": {
      "secret": [
        103,
        114,
        111,
        117,
        112,
        95,
        115,
        116,
        97,
        116,
        101,
        95,
        101,
        97,
        114,
        95,
        107,
        101,
        121,
        95,
        51,
        50,
        95,
        98,
        121,
        116,
        101,
        115,
        95,
        95,
        95,
        95
      ]
    }
  }
}
