---
source: backend/src/auth_service/privacy_pass.rs
expression: "&*SERVER"
---
{
  "sk": [
    195,
    107,
    56,
    47,
    5,
    197,
    27,
    126,
    203,
    132,
    212,
    200,
    213,
    127,
    233,
    146,
    152,
    14,
    64,
    118,
    185,
    228,
    218,
    135,
    208,
    2,
    113,
    44,
    18,
    135,
    173,
    1
  ],
  "pk": [
    136,
    249,
    199,
    209,
    224,
    210,
    127,
    224,
    69,
    6,
    72,
    17,
    91,
    51,
    235,
    15,
    74,
    161,
    191,
    41,
    218,
    18,
    201,
    212,
    219,
    68,
    97,
    133,
    247,
    190,
    225,
    53
  ]
}
