---
source: backend/src/auth_service/user_record.rs
expression: "&*PASSWORD_FILE"
---
{
  "envelope": {
    "mode": "Internal",
    "nonce": [
      44,
      57,
      66,
      138,
      77,
      166,
      162,
      209,
      129,
      74,
      124,
      173,
      185,
      169,
      35,
      86,
      93,
      88,
      22,
      76,
      19,
      190,
      165,
      29,
      207,
      44,
      130,
      190,
      9,
      81,
      195,
      238
    ],
    "hmac": [
      19,
      138,
      217,
      157,
      90,
      237,
      104,
      82,
      140,
      249,
      167,
      116,
      247,
      30,
      16,
      184,
      111,
      105,
      53,
      157,
      224,
      36,
      146,
      252,
      0,
      159,
      114,
      220,
      41,
      113,
      40,
      123,
      167,
      188,
      25,
      235,
      177,
      197,
      60,
      156,
      147,
      46,
      237,
      14,
      233,
      217,
      25,
      100,
      155,
      222,
      43,
      40,
      73,
      98,
      218,
      189,
      255,
      195,
      62,
      245,
      52,
      213,
      108,
      54
    ]
  },
  "masking_key": [
    19,
    132,
    129,
    10,
    117,
    143,
    207,
    168,
    143,
    68,
    231,
    254,
    137,
    55,
    139,
    59,
    173,
    56,
    103,
    130,
    67,
    54,
    225,
    31,
    112,
    33,
    76,
    62,
    65,
    29,
    79,
    225,
    208,
    244,
    78,
    10,
    186,
    34,
    132,
    235,
    197,
    240,
    109,
    15,
    200,
    194,
    37,
    149,
    252,
    63,
    25,
    71,
    24,
    191,
    2,
    228,
    185,
    60,
    93,
    222,
    136,
    137,
    247,
    226
  ],
  "client_s_pk": [
    28,
    68,
    222,
    99,
    225,
    199,
    29,
    38,
    110,
    136,
    109,
    21,
    124,
    115,
    15,
    25,
    102,
    51,
    19,
    216,
    239,
    219,
    38,
    15,
    54,
    161,
    111,
    117,
    127,
    177,
    226,
    116
  ]
}
